<?xml version="1.0" encoding="utf-8"?><testsuites name="pytest tests"><testsuite name="pytest" errors="0" failures="0" skipped="0" tests="4" time="0.340" timestamp="2026-02-03T10:11:45.592061+01:00" hostname="M-MDWTGWXFPQ"><testcase classname="tests.api.test_calc_ebit_api" name="test_calculate_ebit_api" time="0.007" /><testcase classname="tests.unit.test_calc" name="test_calculate_ebit_basic" time="0.000" /><testcase classname="tests.unit.test_calc" name="test_calculate_ebit_with_utlegg" time="0.001" /><testcase classname="tests.unit.test_calc" name="test_calculate_ebit_zero" time="0.000" /></testsuite></testsuites>